<testsuites name="results">
  <testsuite name="all" package="all">
    <property name="random_seed" value="1684402199" />
    <testcase name="dut_test" classname="dut_test" file="/home/rjn/assignment-1-xor-verification-R-Rjn/tests/dut_test.py" lineno="5" time="8.0108642578125e-05" sim_time_ns="0.001" ratio_time="12.48304761904762" />
  </testsuite>
</testsuites>
